[ottawa.quaker.ca/index.html]
[backblue.gif]
[fade.gif]
[index.html]
[ottawa.quaker.ca/node/feed]
[ottawa.quaker.ca/sites/default/files/js/js_yMSKTzBO0KmozyLwajzFOrrt_kto_9mtccAkb0rm7gc.js]
[ottawa.quaker.ca/sites/default/files/js/js_lboD8mxHbiFYKzdGkJi9JvFQWJGyCslzWjcNjvVR3X0.js]
[ottawa.quaker.ca/sites/default/files/js/js_yTD23XVNt1ETDZj4cN3PJq3H70v1Js2QEDcX-8C8JQM.js]
[ottawa.quaker.ca/sites/default/files/logo100.png]
[ottawa.quaker.ca/regular-events.html]
[ottawa.quaker.ca/children.html]
[ottawa.quaker.ca/ottawa.quaker.ca/committees.html]
[ottawa.quaker.ca/sites/default/files/AREO/the4thspace.html]
[ottawa.quaker.ca/pasc.html]
[ottawa.quaker.ca/projects.html]
[ottawa.quaker.ca/library.html]
[ottawa.quaker.ca/About.html]
[ottawa.quaker.ca/newsletter/create-article-19.html]
[ottawa.quaker.ca/create-page.html]
[ottawa.quaker.ca/bad_weather.html]
[ottawa.quaker.ca/calendar-node-field-date/month.html]
[ottawa.quaker.ca/create-page-0.html]
[ottawa.quaker.ca/OMM_Resources.html]
[ottawa.quaker.ca/create-resource-4.html]
[ottawa.quaker.ca/quaker-links.html]
[ottawa.quaker.ca/Find-Us.html]
[ottawa.quaker.ca/donate.html]
[ottawa.quaker.ca/rooms_for_rent.html]
[ottawa.quaker.ca/sites/default/files/styles/omm_flexslider/public/OMM_Meeting_Room391d.jpg]
[ottawa.quaker.ca/sites/default/files/styles/omm_flexslider/public/lanterns2cropeeaa.jpg]
[ottawa.quaker.ca/sites/default/files/styles/omm_flexslider/public/Dec2013CarolSing_06c5b.png]
[ottawa.quaker.ca/sites/default/files/styles/omm_flexslider/public/Dec2013Potluck5e41.png]
[ottawa.quaker.ca/sites/default/files/styles/omm_flexslider/public/OMM.meetinghousedf74.jpg]
[ottawa.quaker.ca/sites/default/files/styles/omm_flexslider/public/newgrowthonoldd5f1.jpg]
[ottawa.quaker.ca/newsletter/create-article-60.html]
[ottawa.quaker.ca/newsletter/create-article-59.html]
[ottawa.quaker.ca/newsletter/create-article-62.html]
[ottawa.quaker.ca/newsletter/create-article-58.html]
[ottawa.quaker.ca/newsletter/create-article-37.html]
[ottawa.quaker.ca/Home2679.html]
[ottawa.quaker.ca/misc/feed.png]
[ottawa.quaker.ca/killaloe-friends-worship-group.html]
[ottawa.quaker.ca/index.html]
[ottawa.quaker.ca/st-lawrence-valley-allowed-meeting.html]
[ottawa.quaker.ca/misc/throbber-inactive.png]
[ottawa.quaker.ca/misc/throbber-active.gif]
[ottawa.quaker.ca/misc/grippie.png]
[ottawa.quaker.ca/misc/draggable.png]
[ottawa.quaker.ca/misc/tree.png]
[ottawa.quaker.ca/misc/tree-bottom.png]
[ottawa.quaker.ca/misc/menu-expanded.png]
[ottawa.quaker.ca/misc/menu-collapsed.png]
[ottawa.quaker.ca/misc/menu-leaf.png]
[ottawa.quaker.ca/misc/message-24-ok.png]
[ottawa.quaker.ca/misc/message-24-warning.png]
[ottawa.quaker.ca/misc/message-24-error.png]
[ottawa.quaker.ca/misc/help.png]
[ottawa.quaker.ca/misc/progress.gif]
[ottawa.quaker.ca/sites/default/files/css/css_xE-rWrJf-fncB6ztZfd2huxqgxu4WO-qwma6Xer30m4.css]
[ottawa.quaker.ca/sites/default/files/css/css_vZ_wrMQ9Og-YPPxa1q4us3N7DsZMJa-14jShHgRoRNo.css]
[ottawa.quaker.ca/sites/default/files/css/css_-OTNU-3YFYQznR5kKV4ILOX0frf1cLl7fShtDsPlyME.css]
[ottawa.quaker.ca/sites/all/modules/contrib/ctools/images/status-active.gif]
[ottawa.quaker.ca/sites/all/libraries/flexslider/fonts/flexslider-icon.eot]
[ottawa.quaker.ca/sites/all/libraries/flexslider/fonts/flexslider-icond41d.eot]
[ottawa.quaker.ca/sites/all/libraries/flexslider/fonts/flexslider-icon.woff]
[ottawa.quaker.ca/sites/all/libraries/flexslider/fonts/flexslider-icon.ttf]
[ottawa.quaker.ca/sites/all/libraries/superfish/images/arrows-ffffff.png]
[ottawa.quaker.ca/sites/all/libraries/superfish/images/shadow.png]
[ottawa.quaker.ca/sites/all/libraries/superfish/images/arrows-ffffff-rtl.png]
[ottawa.quaker.ca/sites/default/files/css/css_uvlzjR6jHvpcLvfUlq57-hFvzgpCfcauZ3Lh0PsUOec.css]
[ottawa.quaker.ca/sites/all/themes/outreach/css/images/light/arrow_bullet.png]
[ottawa.quaker.ca/sites/all/themes/outreach/css/images/dark/arrow_bullet.png]
[ottawa.quaker.ca/sites/all/themes/outreach/css/images/comment-arrow.gif]
[ottawa.quaker.ca/sites/all/themes/outreach/css/images/gradient_small_trans.png]
[ottawa.quaker.ca/sites/default/files/css/css_m_GaY0UIaASpWymTzDpkPQ7zjeridlV6Dbxn-RcG4-g.css]
[ottawa.quaker.ca/sites/default/files/css/css_dF4Ud437CRsPhBTnPujvAV0gxvgBFsK8JYGXk67bho8.css]
[ottawa.quaker.ca/sites/default/files/css/css_6b38QoA10iNo0WlQABsPuoYUzGFZrPw1WER3vGjCXdw.css]
[ottawa.quaker.ca/sites/default/files/css/css_FZZg2EiV9kz73nTlBxLD5Co6pxfXOXHQcJIGijWtBco.css]
[ottawa.quaker.ca/sites/default/files/css/css_wEPVrHA3FYwtLTgMvCWIbSVCF7Mfcp468nyOJyh5RBQ.css]
[ottawa.quaker.ca/sites/default/files/css/css_Budjzz5ahnAB-hyWdt6twV8-6lx9hp1fWjRKjRnmN1c.css]
[ottawa.quaker.ca/sites/default/files/js/js_0G9DMvBf1tsTzvqKigiQPVi1-QXK-I96uyr-x7p6fZo.js]
[ottawa.quaker.ca/create-community-life-article.html]
[ottawa.quaker.ca/create-community-life-article-0.html]
[ottawa.quaker.ca/create-community-life-article-1.html]
[ottawa.quaker.ca/create-community-life-article-2.html]
[ottawa.quaker.ca/sites/default/files/Committee booklet 2021 rev.pdf]
[ottawa.quaker.ca/create-community-life-article-5.html]
[ottawa.quaker.ca/create-community-life-article-3.html]
[ottawa.quaker.ca/regular-events.html]
[ottawa.quaker.ca/create-community-life-article-6.html]
[ottawa.quaker.ca/children.html]
[ottawa.quaker.ca/node/732.html]
[ottawa.quaker.ca/node/1081.html]
[ottawa.quaker.ca/ottawa.quaker.ca/committees.html]
[ottawa.quaker.ca/sites/default/files/AREO/4th-Space_Header_s_c_900w_transparent.png]
[ottawa.quaker.ca/sites/default/files/AREO/Sounds.html]
[ottawa.quaker.ca/sites/default/files/AREO/Sounds_tab_294w.png]
[ottawa.quaker.ca/sites/default/files/AREO/Images.html]
[ottawa.quaker.ca/sites/default/files/AREO/4th-Space_Images_Icon_294w_transparent.png]
[ottawa.quaker.ca/sites/default/files/AREO/Prose_and_Poetry.html]
[ottawa.quaker.ca/sites/default/files/AREO/Prose_Poetry_294w.png]
[ottawa.quaker.ca/sites/default/files/AREO/Other_Things_294w.png]
[ottawa.quaker.ca/sites/default/files/AREO/Submit.html]
[ottawa.quaker.ca/sites/default/files/AREO/Submit_Click_icon_txprnt_294w.png]
[ottawa.quaker.ca/sites/default/files/AREO/the4thspace.html]
[ottawa.quaker.ca/newsletter/create-article-18.html]
[ottawa.quaker.ca/sites/default/files/Eric and Sarah smaller.jpg]
[ottawa.quaker.ca/pasc.html]
[ottawa.quaker.ca/category/article-location/article-location.html]
[ottawa.quaker.ca/create-project-0.html]
[ottawa.quaker.ca/create-project.html]
[ottawa.quaker.ca/projects.html]
[ottawa.quaker.ca/OMM-fundraiser.html]
[ottawa.quaker.ca/library.html]
[ottawa.quaker.ca/node/983.html]
[ottawa.quaker.ca/About.html]
[ottawa.quaker.ca/node/2.html]
[ottawa.quaker.ca/node/1051.html]
[ottawa.quaker.ca/sites/default/files/hearing system.jpg]
[ottawa.quaker.ca/newsletter/create-article-19.html]
[ottawa.quaker.ca/node/1404.html]
[ottawa.quaker.ca/create-page.html]
[ottawa.quaker.ca/Home.html]
[ottawa.quaker.ca/bad_weather.html]
[ottawa.quaker.ca/node/901.html]
[ottawa.quaker.ca/sites/default/files/js/js_obhI_xVek0YBSEVtCXLeeTNQ_Popsi-5YXYMU-fQwXM.js]
[ottawa.quaker.ca/calendar-node-field-date.html]
[ottawa.quaker.ca/calendar-node-field-date/week.html]
[ottawa.quaker.ca/calendar-node-field-date/day.html]
[ottawa.quaker.ca/calendar-node-field-date/year.html]
[ottawa.quaker.ca/calendar-node-field-date/month/2023-01.html]
[ottawa.quaker.ca/calendar-node-field-date/month/2023-03.html]
[ottawa.quaker.ca/calendar-node-field-date/day/2023-02-05.html]
[ottawa.quaker.ca/create-calendar-event-525.html]
[ottawa.quaker.ca/calendar-node-field-date/day/2023-02-12.html]
[ottawa.quaker.ca/calendar-node-field-date/day/2023-02-19.html]
[ottawa.quaker.ca/calendar-node-field-date/day/2023-02-26.html]
[ottawa.quaker.ca/calendar-node-field-date/month.html]
[ottawa.quaker.ca/calendar-node-field-date/Find-Us.html]
[ottawa.quaker.ca/create-page-0.html]
[ottawa.quaker.ca/node/1435.html]
[ottawa.quaker.ca/modules/file/icons/application-pdf.png]
[ottawa.quaker.ca/create-resource-2.html]
[ottawa.quaker.ca/sites/default/files/Committees of Care PamphletRev3.pdf]
[ottawa.quaker.ca/create-resource-1.html]
[ottawa.quaker.ca/sites/default/files/Guidelines for discerning vocal ministry - OMM M&C June 2017.pdf]
[ottawa.quaker.ca/create-resource-0.html]
[ottawa.quaker.ca/modules/file/icons/x-office-document.png]
[ottawa.quaker.ca/sites/default/files/Claim Form - single.doc]
[ottawa.quaker.ca/create-resource.html]
[ottawa.quaker.ca/sites/default/files/Guidelines for Use of OMM Meeting House - June 2017.pdf]
[ottawa.quaker.ca/sites/default/files/OMM 08.17 Application for Use of Premises.doc]
[ottawa.quaker.ca/OMM_Resources.html]
[ottawa.quaker.ca/create-resource-4.html]
[ottawa.quaker.ca/node/1433.html]
[ottawa.quaker.ca/create-quaker-links.html]
[ottawa.quaker.ca/quaker-links.html]
[ottawa.quaker.ca/create-quaker-links-0.html]
[ottawa.quaker.ca/Find-Us.html]
[ottawa.quaker.ca/node/781.html]
[ottawa.quaker.ca/node/879.html]
[ottawa.quaker.ca/sites/default/files/Website page.pdf]
[ottawa.quaker.ca/donate.html]
[ottawa.quaker.ca/node/914.html]
[ottawa.quaker.ca/sites/default/files/Kitchen1_0.jpg]
[ottawa.quaker.ca/sites/default/files/Kitchen2.jpg]
[ottawa.quaker.ca/sites/default/files/MeetingRm1.jpg]
[ottawa.quaker.ca/sites/default/files/MeetingRm2.jpg]
[ottawa.quaker.ca/rooms_for_rent.html]
[ottawa.quaker.ca/newsletter/create-article-60.html]
[ottawa.quaker.ca/node/1428.html]
[ottawa.quaker.ca/newsletter/create-article-59.html]
[ottawa.quaker.ca/node/1432.html]
[ottawa.quaker.ca/newsletter/create-article-62.html]
[ottawa.quaker.ca/node/1431.html]
[ottawa.quaker.ca/newsletter/create-article-58.html]
[ottawa.quaker.ca/node/1425.html]
[ottawa.quaker.ca/newsletter/create-article-37.html]
[ottawa.quaker.ca/node/1286.html]
[ottawa.quaker.ca/newsletter/create-article-21.html]
[ottawa.quaker.ca/sites/default/files/sign.jpg]
[ottawa.quaker.ca/Home2679.html]
[ottawa.quaker.ca/newsletter/create-article-56.html]
[ottawa.quaker.ca/killaloe-friends-worship-group.html]
[ottawa.quaker.ca/node/4.html]
[ottawa.quaker.ca/st-lawrence-valley-allowed-meeting.html]
[ottawa.quaker.ca/sites/all/libraries/flexslider/fonts/flexslider-icon.svg]
[ottawa.quaker.ca/sites/default/files/css/css_s5HJKrdLuRBCJ6RHIWzMoJTTn7e3XYaESeDPOc7lV4A.css]
[ottawa.quaker.ca/node/3.html]
[ottawa.quaker.ca/create-community-life-article.html]
[ottawa.quaker.ca/node/851.html]
[ottawa.quaker.ca/create-community-life-article-0.html]
[ottawa.quaker.ca/node/852.html]
[ottawa.quaker.ca/create-community-life-article-1.html]
[ottawa.quaker.ca/node/853.html]
[ottawa.quaker.ca/create-community-life-article-2.html]
[ottawa.quaker.ca/node/854.html]
[ottawa.quaker.ca/create-community-life-article-5.html]
[ottawa.quaker.ca/node/857.html]
[ottawa.quaker.ca/create-community-life-article-3.html]
[ottawa.quaker.ca/node/855.html]
[ottawa.quaker.ca/create-community-life-article-6.html]
[ottawa.quaker.ca/node/858.html]
[ottawa.quaker.ca/node/732.html]
[ottawa.quaker.ca/node/1081.html]
[ottawa.quaker.ca/sites/default/files/Committee Handbook - 2up_1.html]
[ottawa.quaker.ca/ottawa.quaker.ca/Find-Us.html]
[ottawa.quaker.ca/sites/default/files/AREO/back_arrow_crop_75h.png]
[ottawa.quaker.ca/sites/default/files/AREO/Deadly_Harvest_300w.png]
[ottawa.quaker.ca/sites/default/files/AREO/Green_Q_c_28w.jpg]
[ottawa.quaker.ca/sites/default/files/AREO/Discernment_300w.png]
[ottawa.quaker.ca/sites/default/files/AREO/Quiet_of_Discernment.pdf]
[ottawa.quaker.ca/sites/default/files/AREO/Discernment_lyrics_300w.png]
[ottawa.quaker.ca/sites/default/files/AREO/Winter_Poem_300w.png]
[ottawa.quaker.ca/sites/default/files/AREO/Requiem_Organ_300w.png]
[ottawa.quaker.ca/sites/default/files/AREO/Ambient_Banjo_300w.png]
[ottawa.quaker.ca/sites/default/files/AREO/Screenshot_8_300w.png]
[ottawa.quaker.ca/sites/default/files/AREO/My_Video_0026.mp4]
[ottawa.quaker.ca/sites/default/files/AREO/brian_300w.png]
[ottawa.quaker.ca/sites/default/files/AREO/up_arrow_crop_100h.png]
[ottawa.quaker.ca/sites/default/files/AREO/Sounds.html]
[ottawa.quaker.ca/sites/default/files/AREO/dsc_0029_1.jpg]
[ottawa.quaker.ca/sites/default/files/AREO/dsc_0029_1_400w.jpg]
[ottawa.quaker.ca/sites/default/files/AREO/Life_at_the_Lake.jpg]
[ottawa.quaker.ca/sites/default/files/AREO/Life_at_the_Lake_400w.jpg]
[ottawa.quaker.ca/sites/default/files/AREO/Balanced_Happiness.jpg]
[ottawa.quaker.ca/sites/default/files/AREO/Balanced_Happiness_400w.jpg]
[ottawa.quaker.ca/sites/default/files/AREO/Starting_Anew.jpg]
[ottawa.quaker.ca/sites/default/files/AREO/Starting_Anew_400w.jpg]
[ottawa.quaker.ca/sites/default/files/AREO/Ocean_of_Light.jpg]
[ottawa.quaker.ca/sites/default/files/AREO/Ocean_of_Light_400w.jpg]
[ottawa.quaker.ca/sites/default/files/AREO/Uncle_Galen_Calla.jpg]
[ottawa.quaker.ca/sites/default/files/AREO/Uncle_Galen_Calla_400w.jpg]
[ottawa.quaker.ca/sites/default/files/AREO/Calla.jpg]
[ottawa.quaker.ca/sites/default/files/AREO/Calla_400w.jpg]
[ottawa.quaker.ca/sites/default/files/AREO/Burning_Bush_Stillpoint.jpg]
[ottawa.quaker.ca/sites/default/files/AREO/Burning_Bush_Stillpoint_400w.jpg]
[ottawa.quaker.ca/sites/default/files/AREO/Do_I_Dare.jpg]
[ottawa.quaker.ca/sites/default/files/AREO/Do_I_Dare_400w.jpg]
[ottawa.quaker.ca/sites/default/files/AREO/Newmans_Ledge.jpg]
[ottawa.quaker.ca/sites/default/files/AREO/Newmans_Ledge_400w.jpg]
[ottawa.quaker.ca/sites/default/files/AREO/Ruin_of_Overlook_Mountain_House.jpg]
[ottawa.quaker.ca/sites/default/files/AREO/Ruin_of_Overlook_Mountain_House_400w.jpg]
[ottawa.quaker.ca/sites/default/files/AREO/Poets_Walk.jpg]
[ottawa.quaker.ca/sites/default/files/AREO/Poets_Walk_400w.jpg]
[ottawa.quaker.ca/sites/default/files/AREO/4.Bartholomew_MyGuernsey Bull Meets Cave Art_Ceramic Wall Plate_9.5__2017.jpg]
[ottawa.quaker.ca/sites/default/files/AREO/4.Bartholomew_MyGuernsey Bull Meets Cave Art_Ceramic Wall Plate_9.5__2017_400w.jpg]
[ottawa.quaker.ca/sites/default/files/AREO/3.Mountain Goat_10_ Ceramic Plate_2019.jpg]
[ottawa.quaker.ca/sites/default/files/AREO/3.Mountain Goat_10_ Ceramic Plate_2019_400w.jpg]
[ottawa.quaker.ca/sites/default/files/AREO/2.An Evening at MERA_Ceramic Relief_6.5__2013.jpg]
[ottawa.quaker.ca/sites/default/files/AREO/2.An Evening at MERA_Ceramic Relief_6.5__2013_400w.jpg]
[ottawa.quaker.ca/sites/default/files/AREO/1.BlueSkiesFiddleOrchestra-Clay Tiles on Wood_22_x39__2020.jpg]
[ottawa.quaker.ca/sites/default/files/AREO/1.BlueSkiesFiddleOrchestra-Clay Tiles on Wood_22_x39__2020_400w.jpg]
[ottawa.quaker.ca/sites/default/files/AREO/4.Winter cornstalks.jpg]
[ottawa.quaker.ca/sites/default/files/AREO/4.Winter cornstalks_400w.jpg]
[ottawa.quaker.ca/sites/default/files/AREO/3-writing exam_mixed media_30_x42__2008.jpg]
[ottawa.quaker.ca/sites/default/files/AREO/3-writing exam_mixed media_30_x42__2008_400w.jpg]
[ottawa.quaker.ca/sites/default/files/AREO/2.Lehinch_oil pastel and WC_12_x16__2020 (2).jpg]
[ottawa.quaker.ca/sites/default/files/AREO/2.Lehinch_oil pastel and WC_12_x16__2020 (2)_400w.jpg]
[ottawa.quaker.ca/sites/default/files/AREO/1.There will be joy in the morning_20_X24__2013.jpg]
[ottawa.quaker.ca/sites/default/files/AREO/1.There will be joy in the morning_20_X24__2013_400w.jpg]
[ottawa.quaker.ca/sites/default/files/AREO/Loyer_1.jpg]
[ottawa.quaker.ca/sites/default/files/AREO/Loyer_1_400w.jpg]
[ottawa.quaker.ca/sites/default/files/AREO/Loyer_2.jpg]
[ottawa.quaker.ca/sites/default/files/AREO/Loyer_2_400w.jpg]
[ottawa.quaker.ca/sites/default/files/AREO/Loyer_3.jpg]
[ottawa.quaker.ca/sites/default/files/AREO/Loyer_3_400w.jpg]
[ottawa.quaker.ca/sites/default/files/AREO/Loyer_4.jpg]
[ottawa.quaker.ca/sites/default/files/AREO/Loyer_4_400w.jpg]
[ottawa.quaker.ca/sites/default/files/AREO/1-Many-Hands_Watercolour_4_x6__2021.jpg]
[ottawa.quaker.ca/sites/default/files/AREO/1-Many-Hands_Watercolour_4_x6__2021_400w.jpg]
[ottawa.quaker.ca/sites/default/files/AREO/2-Many-Hands_Watercolour-7_x5__2021.jpg]
[ottawa.quaker.ca/sites/default/files/AREO/2-Many-Hands_Watercolour-7_x5__2021_400w.jpg]
[ottawa.quaker.ca/sites/default/files/AREO/3-Many-Hands_Watercolour_5_x7__2021.jpg]
[ottawa.quaker.ca/sites/default/files/AREO/3-Many-Hands_Watercolour_5_x7__2021_400w.jpg]
[ottawa.quaker.ca/sites/default/files/AREO/4-Many-Hands_Watercolour_3_x3__2021.jpg]
[ottawa.quaker.ca/sites/default/files/AREO/4-Many-Hands_Watercolour_3_x3__2021_400w.jpg]
[ottawa.quaker.ca/sites/default/files/AREO/Spring09-02_4inch.jpg]
[ottawa.quaker.ca/sites/default/files/AREO/Spring09-02_4inch_400w.jpg]
[ottawa.quaker.ca/sites/default/files/AREO/Spring09-05_4inch.jpg]
[ottawa.quaker.ca/sites/default/files/AREO/Spring09-05_4inch_400w.jpg]
[ottawa.quaker.ca/sites/default/files/AREO/Spring09-14_4inch.jpg]
[ottawa.quaker.ca/sites/default/files/AREO/Spring09-14_4inch_400w.jpg]
[ottawa.quaker.ca/sites/default/files/AREO/Spring09-22_4inch.jpg]
[ottawa.quaker.ca/sites/default/files/AREO/Spring09-22_4inch_400w.jpg]
[ottawa.quaker.ca/sites/default/files/AREO/Bird_meditation.jpg]
[ottawa.quaker.ca/sites/default/files/AREO/Bird_meditation_400w.jpg]
[ottawa.quaker.ca/sites/default/files/AREO/Buddhist_meditation.jpg]
[ottawa.quaker.ca/sites/default/files/AREO/Buddhist_meditation_400w.jpg]
[ottawa.quaker.ca/sites/default/files/AREO/O_Good_and_Faithful_Servant_RT.jpg]
[ottawa.quaker.ca/sites/default/files/AREO/O_Good_and_Faithful_Servant_RT_400w.jpg]
[ottawa.quaker.ca/sites/default/files/AREO/Steve_Roots.jpg]
[ottawa.quaker.ca/sites/default/files/AREO/Steve_Roots_400w.jpg]
[ottawa.quaker.ca/sites/default/files/AREO/Spring_Break.jpg]
[ottawa.quaker.ca/sites/default/files/AREO/Spring_Break_400w.jpg]
[ottawa.quaker.ca/sites/default/files/AREO/Self-Portrait.jpg]
[ottawa.quaker.ca/sites/default/files/AREO/Self-Portrait_400w.jpg]
[ottawa.quaker.ca/sites/default/files/AREO/Irresistable_Flow.jpg]
[ottawa.quaker.ca/sites/default/files/AREO/Irresistable_Flow_400w.jpg]
[ottawa.quaker.ca/sites/default/files/AREO/HW_Angel_01.jpg]
[ottawa.quaker.ca/sites/default/files/AREO/HW_Angel_01_400w.jpg]
[ottawa.quaker.ca/sites/default/files/AREO/HW_Angel_02.jpg]
[ottawa.quaker.ca/sites/default/files/AREO/HW_Angel_02_400w.jpg]
[ottawa.quaker.ca/sites/default/files/AREO/HW_Angel_03.jpg]
[ottawa.quaker.ca/sites/default/files/AREO/HW_Angel_03_400w.jpg]
[ottawa.quaker.ca/sites/default/files/AREO/Images.html]
[ottawa.quaker.ca/sites/default/files/AREO/Greetings_From_Tree_Being.pdf]
[ottawa.quaker.ca/sites/default/files/AREO/An_ode_to_street_trees.pdf]
